{"0": false, "1": false, "2": false, "3": false, "4": false, "5": false, "6": false, "7": false, "8": false, "9": false, "10": false, "11": false, "12": false, "13": false, "14": false, "15": false, "16": false, "17": false, "18": false, "19": false, "20": true, "21": true, "22": false, "23": true, "24": true, "25": false, "26": true, "27": true, "28": true, "29": true, "30": false, "31": false, "32": false, "33": false, "34": false, "35": false, "36": false, "37": false, "38": false, "39": false, "40": true, "41": true, "42": true, "43": true, "44": true, "45": true, "46": true, "47": true, "48": true, "49": true, "50": false, "51": true, "52": false, "53": false, "54": false, "55": false, "56": false, "57": false, "58": false, "59": false, "60": true, "61": true, "62": true, "63": true, "64": false, "65": true, "66": false, "67": false, "68": false, "69": true, "70": true, "71": true, "72": true, "73": false, "74": true, "75": true, "76": false, "77": false, "78": false, "79": false, "80": true, "81": false, "82": true, "83": true, "84": true, "85": true, "86": true, "87": false, "88": true, "89": false, "90": true, "91": true, "92": true, "93": true, "94": true, "95": true, "96": true, "97": true, "98": true, "99": false, "100": false, "101": false, "102": false, "103": false, "104": false, "105": false, "106": false, "107": false, "108": false, "109": false, "110": false, "111": true, "112": true, "113": false, "114": true, "115": false, "116": true, "117": true, "118": false, "119": true, "120": false, "121": false, "122": false, "123": true, "124": false, "125": false, "126": false, "127": false, "128": true, "129": true, "130": false, "131": false, "132": false, "133": false, "134": false, "135": false, "136": false, "137": false, "138": false, "139": false, "140": false, "141": false, "142": false, "143": false, "144": false, "145": false, "146": false, "147": false, "148": false, "149": false, "150": false, "151": false, "152": false, "153": false, "154": false, "155": false, "156": false, "157": false, "158": false, "159": false, "160": true, "161": true, "162": true, "163": true, "164": true, "165": true, "166": true, "167": true, "168": true, "169": true, "170": false, "171": false, "172": false, "173": false, "174": false, "175": false, "176": false, "177": false, "178": false, "179": false, "180": false, "181": true, "182": true, "183": true, "184": false, "185": false, "186": true, "187": true, "188": true, "189": false, "190": true, "191": true, "192": false, "193": false, "194": true, "195": false, "196": false, "197": true, "198": false, "199": false, "200": true, "201": true, "202": true, "203": false, "204": false, "205": false, "206": false, "207": false, "208": false, "209": false, "210": true, "211": true, "212": true, "213": false, "214": true, "215": false, "216": true, "217": true, "218": true, "219": true, "220": false, "221": false, "222": false, "223": false, "224": false, "225": false, "226": false, "227": false, "228": true, "229": false, "230": false, "231": false, "232": false, "233": false, "234": true, "235": false, "236": false, "237": false, "238": false, "239": false, "240": true, "241": true, "242": true, "243": false, "244": true, "245": true, "246": true, "247": true, "248": false, "249": true, "250": false, "251": false, "252": false, "253": false, "254": false, "255": true, "256": false, "257": false, "258": false, "259": false, "260": true, "261": true, "262": true, "263": true, "264": false, "265": false, "266": false, "267": true, "268": true, "269": true, "270": false, "271": false, "272": false, "273": false, "274": false, "275": false, "276": false, "277": false, "278": false, "279": false, "280": false, "281": false, "282": false, "283": false, "284": false, "285": false, "286": false, "287": false, "288": false, "289": false, "290": false, "291": false, "292": false, "293": false, "294": false, "295": false, "296": false, "297": false, "298": false, "299": false, "300": false, "301": false, "302": false, "303": true, "304": false, "305": true, "306": true, "307": true, "308": true, "309": false, "310": false, "311": true, "312": true, "313": false, "314": false, "315": false, "316": true, "317": false, "318": false, "319": false, "320": false, "321": false, "322": true, "323": true, "324": true, "325": true, "326": true, "327": true, "328": true, "329": false, "330": false, "331": false, "332": false, "333": false, "334": false, "335": false, "336": false, "337": false, "338": false, "339": false, "340": true, "341": true, "342": true, "343": true, "344": false, "345": false, "346": true, "347": true, "348": true, "349": true, "350": false, "351": false, "352": false, "353": false, "354": true, "355": false, "356": false, "357": false, "358": false, "359": false, "360": false, "361": true, "362": false, "363": true, "364": true, "365": true, "366": true, "367": true, "368": false, "369": true, "370": false, "371": false, "372": false, "373": false, "374": false, "375": false, "376": false, "377": false, "378": false, "379": false, "380": true, "381": true, "382": true, "383": true, "384": true, "385": true, "386": true, "387": true, "388": true, "389": true, "390": false, "391": true, "392": true, "393": true, "394": true, "395": true, "396": true, "397": true, "398": false, "399": false}